
> frontend@0.0.0 build
> tsc -b && vite build

src/App.tsx(9,10): error TS6133: 'saveSnapshot' is declared but its value is never read.
src/App.tsx(60,21): error TS6133: 'setShowAdmin' is declared but its value is never read.
src/App.tsx(61,10): error TS6133: 'activeTab' is declared but its value is never read.
src/App.tsx(61,21): error TS6133: 'setActiveTab' is declared but its value is never read.
src/App.tsx(65,25): error TS6133: 'setCellSelection' is declared but its value is never read.
src/App.tsx(292,9): error TS6133: 'updateStatus' is declared but its value is never read.
src/components/AuditButton.tsx(9,59): error TS6133: 'spreadsheetId' is declared but its value is never read.
src/components/AutoGrid.tsx(2,26): error TS2307: Cannot find module '@fortune-sheet/react' or its corresponding type declarations.
src/components/UniverGrid.tsx(64,5): error TS6133: 'onChange' is declared but its value is never read.
src/components/UniverGrid.tsx(124,39): error TS2345: Argument of type 'typeof UniverLicensePlugin' is not assignable to parameter of type 'PluginCtor<Plugin>'.
  Type 'typeof UniverLicensePlugin' is not assignable to type 'Ctor<Plugin>'.
    Type 'UniverLicensePlugin' is not assignable to type 'Plugin'.
      Property '_injector' is protected but type 'UniverLicensePlugin' is not a class derived from 'Plugin'.
src/components/UniverGrid.tsx(377,40): error TS6133: 'fortuneData' is declared but its value is never read.
src/components/UniverGrid.tsx(386,10): error TS6133: 'convertCellStyle' is declared but its value is never read.
src/components/UniverGrid.tsx(386,27): error TS6133: 'cellValue' is declared but its value is never read.
src/test/fidelity-audit.ts(123,58): error TS6133: 'rowNumber' is declared but its value is never read.
src/test/fidelity-audit.ts(124,58): error TS6133: 'colNumber' is declared but its value is never read.
src/test/fidelity-audit.ts(165,11): error TS6133: 'commonFormats' is declared but its value is never read.
src/utils/ingestion.ts(64,11): error TS6133: 'warnings' is declared but its value is never read.
src/utils/ingestion.ts(124,16): error TS6133: 'convertExcelJSToUniver' is declared but its value is never read.
src/utils/ingestion.ts(346,9): error TS2740: Type '{}' is missing the following properties from type '{ id?: string | undefined; name: string; data: string; }[]': length, pop, push, concat, and 29 more.
src/utils/ingestion.worker.ts(21,29): error TS6133: 'fileName' is declared but its value is never read.
src/utils/ingestion.worker.ts(62,5): error TS6133: 'userId' is declared but its value is never read.
src/utils/ingestion.worker.ts(65,5): error TS6133: 'parallelImageUploads' is declared but its value is never read.
src/utils/pdfExport.ts(59,42): error TS2345: Argument of type '{ margin: number; filename: string; image: { type: string; quality: number; }; html2canvas: { scale: number; }; jsPDF: { unit: string; format: string; orientation: string; }; }' is not assignable to parameter of type 'Html2PdfOptions'.
  The types of 'image.type' are incompatible between these types.
    Type 'string' is not assignable to type '"png" | "jpeg" | "webp" | undefined'.
